// Jest Snapshot v1, https://goo.gl/fbAQLP

exports[`ImageCard should render correctly with valid props 1`] = `
Object {
  "asFragment": [Function],
  "baseElement": <body>
    <div>
      <div
        class="MuiPaper-root MuiPaper-elevation MuiPaper-rounded MuiPaper-elevation1 MuiCard-root css-14yw00i-MuiPaper-root-MuiCard-root"
      >
        <div
          class="MuiCardMedia-root css-1999db7-MuiCardMedia-root"
          role="img"
          style="background-image: url(https://example.com/image.jpg);"
          title="Product Title"
        />
        <div
          class="MuiCardContent-root css-15p27lc-MuiCardContent-root"
        >
          <div
            class="MuiTypography-root MuiTypography-h6 MuiTypography-gutterBottom MuiTypography-noWrap css-fcsi4c-MuiTypography-root"
          >
            Product Title
          </div>
          <p
            class="MuiTypography-root MuiTypography-body2 MuiTypography-gutterBottom MuiTypography-noWrap css-e3y5cv-MuiTypography-root"
          >
            Lorem ipsum dolor sit amet
          </p>
          <p
            class="MuiTypography-root MuiTypography-body1 css-ahj2mt-MuiTypography-root"
          >
            Rs. 
            100
          </p>
        </div>
      </div>
    </div>
  </body>,
  "container": <div>
    <div
      class="MuiPaper-root MuiPaper-elevation MuiPaper-rounded MuiPaper-elevation1 MuiCard-root css-14yw00i-MuiPaper-root-MuiCard-root"
    >
      <div
        class="MuiCardMedia-root css-1999db7-MuiCardMedia-root"
        role="img"
        style="background-image: url(https://example.com/image.jpg);"
        title="Product Title"
      />
      <div
        class="MuiCardContent-root css-15p27lc-MuiCardContent-root"
      >
        <div
          class="MuiTypography-root MuiTypography-h6 MuiTypography-gutterBottom MuiTypography-noWrap css-fcsi4c-MuiTypography-root"
        >
          Product Title
        </div>
        <p
          class="MuiTypography-root MuiTypography-body2 MuiTypography-gutterBottom MuiTypography-noWrap css-e3y5cv-MuiTypography-root"
        >
          Lorem ipsum dolor sit amet
        </p>
        <p
          class="MuiTypography-root MuiTypography-body1 css-ahj2mt-MuiTypography-root"
        >
          Rs. 
          100
        </p>
      </div>
    </div>
  </div>,
  "debug": [Function],
  "findAllByAltText": [Function],
  "findAllByDisplayValue": [Function],
  "findAllByLabelText": [Function],
  "findAllByPlaceholderText": [Function],
  "findAllByRole": [Function],
  "findAllByTestId": [Function],
  "findAllByText": [Function],
  "findAllByTitle": [Function],
  "findByAltText": [Function],
  "findByDisplayValue": [Function],
  "findByLabelText": [Function],
  "findByPlaceholderText": [Function],
  "findByRole": [Function],
  "findByTestId": [Function],
  "findByText": [Function],
  "findByTitle": [Function],
  "getAllByAltText": [Function],
  "getAllByDisplayValue": [Function],
  "getAllByLabelText": [Function],
  "getAllByPlaceholderText": [Function],
  "getAllByRole": [Function],
  "getAllByTestId": [Function],
  "getAllByText": [Function],
  "getAllByTitle": [Function],
  "getByAltText": [Function],
  "getByDisplayValue": [Function],
  "getByLabelText": [Function],
  "getByPlaceholderText": [Function],
  "getByRole": [Function],
  "getByTestId": [Function],
  "getByText": [Function],
  "getByTitle": [Function],
  "queryAllByAltText": [Function],
  "queryAllByDisplayValue": [Function],
  "queryAllByLabelText": [Function],
  "queryAllByPlaceholderText": [Function],
  "queryAllByRole": [Function],
  "queryAllByTestId": [Function],
  "queryAllByText": [Function],
  "queryAllByTitle": [Function],
  "queryByAltText": [Function],
  "queryByDisplayValue": [Function],
  "queryByLabelText": [Function],
  "queryByPlaceholderText": [Function],
  "queryByRole": [Function],
  "queryByTestId": [Function],
  "queryByText": [Function],
  "queryByTitle": [Function],
  "rerender": [Function],
  "unmount": [Function],
}
`;
